npx : FAIL src/auth/auth.service.spec.ts
At line:1 char:1
+ npx jest 
src/auth/auth.service.spec.ts > 
test-output.txt 2>&1
+ ~~~~~~~~~~~~~~~~~~~~~~~~~~~~~~~~~~~~~~
~~~~~~~~~~~~~~~~~~~~~~~
    + CategoryInfo          : NotSpecif 
   ied: (FAIL src/auth/auth.service.sp  
  ec.ts:String) [], RemoteException
    + FullyQualifiedErrorId : NativeCom 
   mandError
 
  AuthService
    ├ù should be defined (13 ms)

  ÔùÅ AuthService ÔÇ║ should be defined

    Nest can't resolve dependencies of 
the AuthService (UsersService, ?). 
Please make sure that the argument 
FirebaseAdminService at index [1] is 
available in the RootTestModule context.

    Potential solutions:
    - Is RootTestModule a valid NestJS 
module?
    - If FirebaseAdminService is a 
provider, is it part of the current 
RootTestModule?
    - If FirebaseAdminService is 
exported from a separate @Module, is 
that module imported within 
RootTestModule?
      @Module({
        imports: [ /* the Module 
containing FirebaseAdminService */ ]
      })

    For more common dependency 
resolution issues, see: https://docs.nes
tjs.com/faq/common-errors

    [0m [90m  9 |[39m
     [90m 10 |[39m   
beforeEach([36masync[39m () 
[33m=>[39m {
    [31m[1m>[22m[39m[90m 11 |[39m 
    [36mconst[39m module[33m:[39m 
[33mTestingModule[39m [33m=[39m 
[36mawait[39m [33mTest[39m[33m.[39
mcreateTestingModule({
     [90m    |[39m                    
               [31m[1m^[22m[39m
     [90m 12 |[39m       
providers[33m:[39m [
     [90m 13 |[39m         
[33mAuthService[39m[33m,[39m
     [90m 14 |[39m         {[0m

      at TestingInjector.lookupComponent
InParentModules (../node_modules/@nestjs
/core/injector/injector.js:290:19)
      at 
TestingInjector.resolveComponentWrapper 
(../node_modules/@nestjs/testing/testing
-injector.js:19:45)
      at resolveParam (../node_modules/@
nestjs/core/injector/injector.js:140:38)
          at async Promise.all (index 1)
      at TestingInjector.resolveConstruc
torParams (../node_modules/@nestjs/core/
injector/injector.js:169:27)
      at TestingInjector.loadInstance (.
./node_modules/@nestjs/core/injector/inj
ector.js:75:13)
      at TestingInjector.loadProvider (.
./node_modules/@nestjs/core/injector/inj
ector.js:103:9)
      at ../node_modules/@nestjs/core/in
jector/instance-loader.js:56:13
          at async Promise.all (index 3)
      at TestingInstanceLoader.createIns
tancesOfProviders (../node_modules/@nest
js/core/injector/instance-loader.js:55:9
)
      at ../node_modules/@nestjs/core/in
jector/instance-loader.js:40:13
          at async Promise.all (index 1)
      at 
TestingInstanceLoader.createInstances (.
./node_modules/@nestjs/core/injector/ins
tance-loader.js:39:9)
      at TestingInstanceLoader.createIns
tancesOfDependencies (../node_modules/@n
estjs/core/injector/instance-loader.js:2
2:13)
      at TestingInstanceLoader.createIns
tancesOfDependencies (../node_modules/@n
estjs/testing/testing-instance-loader.js
:9:9)
      at TestingModuleBuilder.createInst
ancesOfDependencies (../node_modules/@ne
stjs/testing/testing-module.builder.js:1
18:9)
      at TestingModuleBuilder.compile (.
./node_modules/@nestjs/testing/testing-m
odule.builder.js:74:9)
      at Object.<anonymous> 
(auth/auth.service.spec.ts:11:35)

Test Suites: 1 failed, 1 total
Tests:       1 failed, 1 total
Snapshots:   0 total
Time:        1.241 s
Ran all test suites matching 
src/auth/auth.service.spec.ts.
